> Task :gradle:checkKotlinGradlePluginConfigurationErrors SKIPPED
> Task :gradle:compileKotlin UP-TO-DATE
> Task :gradle:compileJava NO-SOURCE
> Task :gradle:compileGroovy NO-SOURCE
> Task :gradle:pluginDescriptors UP-TO-DATE
> Task :gradle:processResources UP-TO-DATE
> Task :gradle:classes UP-TO-DATE
> Task :gradle:jar UP-TO-DATE
> Task :audio_streamer:preBuild UP-TO-DATE
> Task :audio_streamer:preReleaseBuild UP-TO-DATE
> Task :connectivity_plus:preBuild UP-TO-DATE
> Task :h3_flutter:preBuild UP-TO-DATE
> Task :geolocator_android:preBuild UP-TO-DATE
> Task :network_info_plus:preBuild UP-TO-DATE
> Task :flutter_blue_plus_android:preBuild UP-TO-DATE
> Task :h3_flutter:preReleaseBuild UP-TO-DATE
> Task :geolocator_android:preReleaseBuild UP-TO-DATE
> Task :app:ReleaseMinSdkCheck
> Task :app_links:preBuild UP-TO-DATE
> Task :connectivity_plus:preReleaseBuild UP-TO-DATE
> Task :network_info_plus:preReleaseBuild UP-TO-DATE
> Task :network_info_plus:mergeReleaseJniLibFolders UP-TO-DATE
> Task :network_info_plus:mergeReleaseNativeLibs NO-SOURCE
> Task :audio_streamer:mergeReleaseJniLibFolders UP-TO-DATE
> Task :network_info_plus:copyReleaseJniLibsProjectOnly UP-TO-DATE
> Task :app_links:preReleaseBuild UP-TO-DATE
> Task :app_links:mergeReleaseJniLibFolders UP-TO-DATE
> Task :app_links:mergeReleaseNativeLibs NO-SOURCE
> Task :connectivity_plus:mergeReleaseJniLibFolders UP-TO-DATE
> Task :connectivity_plus:mergeReleaseNativeLibs NO-SOURCE
> Task :package_info_plus:preBuild UP-TO-DATE
> Task :package_info_plus:preReleaseBuild UP-TO-DATE
> Task :app_links:copyReleaseJniLibsProjectOnly UP-TO-DATE
> Task :flutter_blue_plus_android:preReleaseBuild UP-TO-DATE
> Task :geolocator_android:mergeReleaseJniLibFolders UP-TO-DATE
> Task :geolocator_android:mergeReleaseNativeLibs NO-SOURCE
> Task :flutter_blue_plus_android:mergeReleaseJniLibFolders UP-TO-DATE
> Task :audio_streamer:mergeReleaseNativeLibs NO-SOURCE
> Task :audio_streamer:copyReleaseJniLibsProjectOnly UP-TO-DATE
> Task :path_provider_android:preBuild UP-TO-DATE
> Task :permission_handler_android:preBuild UP-TO-DATE
> Task :path_provider_android:preReleaseBuild UP-TO-DATE
> Task :permission_handler_android:preReleaseBuild UP-TO-DATE
> Task :flutter_blue_plus_android:mergeReleaseNativeLibs NO-SOURCE
> Task :connectivity_plus:copyReleaseJniLibsProjectOnly UP-TO-DATE
> Task :package_info_plus:mergeReleaseJniLibFolders UP-TO-DATE
> Task :sensors_plus:preBuild UP-TO-DATE
> Task :geolocator_android:copyReleaseJniLibsProjectOnly UP-TO-DATE
> Task :sentry_flutter:preBuild UP-TO-DATE
> Task :sentry_flutter:preReleaseBuild UP-TO-DATE
> Task :package_info_plus:mergeReleaseNativeLibs NO-SOURCE
> Task :path_provider_android:mergeReleaseJniLibFolders UP-TO-DATE
> Task :sensors_plus:preReleaseBuild UP-TO-DATE
> Task :flutter_blue_plus_android:copyReleaseJniLibsProjectOnly UP-TO-DATE
> Task :share_plus:preBuild UP-TO-DATE
> Task :share_plus:preReleaseBuild UP-TO-DATE
> Task :permission_handler_android:mergeReleaseJniLibFolders UP-TO-DATE
> Task :sentry_flutter:mergeReleaseJniLibFolders UP-TO-DATE
> Task :path_provider_android:mergeReleaseNativeLibs NO-SOURCE
> Task :sensors_plus:mergeReleaseJniLibFolders UP-TO-DATE
> Task :sensors_plus:mergeReleaseNativeLibs NO-SOURCE
> Task :share_plus:mergeReleaseJniLibFolders UP-TO-DATE
> Task :package_info_plus:copyReleaseJniLibsProjectOnly UP-TO-DATE
> Task :permission_handler_android:mergeReleaseNativeLibs NO-SOURCE
> Task :path_provider_android:copyReleaseJniLibsProjectOnly UP-TO-DATE
> Task :sentry_flutter:mergeReleaseNativeLibs NO-SOURCE
> Task :sentry_flutter:copyReleaseJniLibsProjectOnly UP-TO-DATE
> Task :shared_preferences_android:preBuild UP-TO-DATE
> Task :shared_preferences_android:preReleaseBuild UP-TO-DATE
> Task :share_plus:mergeReleaseNativeLibs NO-SOURCE
> Task :shared_preferences_android:mergeReleaseJniLibFolders UP-TO-DATE
> Task :sqflite_android:preBuild UP-TO-DATE
> Task :sqflite_android:preReleaseBuild UP-TO-DATE
> Task :sensors_plus:copyReleaseJniLibsProjectOnly UP-TO-DATE
> Task :url_launcher_android:preBuild UP-TO-DATE
> Task :url_launcher_android:preReleaseBuild UP-TO-DATE
> Task :share_plus:copyReleaseJniLibsProjectOnly UP-TO-DATE
> Task :wakelock_plus:preBuild UP-TO-DATE
> Task :permission_handler_android:copyReleaseJniLibsProjectOnly UP-TO-DATE
> Task :wifi_scan:preBuild UP-TO-DATE
> Task :sqflite_android:mergeReleaseJniLibFolders UP-TO-DATE
> Task :wifi_scan:preReleaseBuild UP-TO-DATE
> Task :wakelock_plus:preReleaseBuild UP-TO-DATE
> Task :sqflite_android:mergeReleaseNativeLibs NO-SOURCE
> Task :app_links:generateReleaseResValues UP-TO-DATE
> Task :sqflite_android:copyReleaseJniLibsProjectOnly UP-TO-DATE
> Task :app_links:generateReleaseResources UP-TO-DATE
> Task :audio_streamer:checkKotlinGradlePluginConfigurationErrors SKIPPED
> Task :url_launcher_android:mergeReleaseJniLibFolders UP-TO-DATE
> Task :audio_streamer:generateReleaseResValues UP-TO-DATE
> Task :wifi_scan:mergeReleaseJniLibFolders UP-TO-DATE
> Task :h3_flutter:configureCMakeRelWithDebInfo[arm64-v8a]
> Task :wifi_scan:mergeReleaseNativeLibs NO-SOURCE
> Task :wakelock_plus:mergeReleaseJniLibFolders UP-TO-DATE
> Task :url_launcher_android:mergeReleaseNativeLibs NO-SOURCE
> Task :audio_streamer:generateReleaseResources UP-TO-DATE
> Task :wakelock_plus:mergeReleaseNativeLibs NO-SOURCE
> Task :shared_preferences_android:mergeReleaseNativeLibs NO-SOURCE
> Task :url_launcher_android:copyReleaseJniLibsProjectOnly UP-TO-DATE
> Task :wakelock_plus:copyReleaseJniLibsProjectOnly UP-TO-DATE
> Task :wifi_scan:copyReleaseJniLibsProjectOnly UP-TO-DATE
> Task :shared_preferences_android:copyReleaseJniLibsProjectOnly UP-TO-DATE
> Task :network_info_plus:checkKotlinGradlePluginConfigurationErrors SKIPPED
> Task :flutter_blue_plus_android:generateReleaseResValues UP-TO-DATE
> Task :connectivity_plus:generateReleaseResValues UP-TO-DATE
> Task :geolocator_android:generateReleaseResValues UP-TO-DATE
> Task :network_info_plus:generateReleaseResValues UP-TO-DATE
> Task :app_links:packageReleaseResources UP-TO-DATE
> Task :flutter_blue_plus_android:generateReleaseResources UP-TO-DATE
> Task :geolocator_android:generateReleaseResources UP-TO-DATE
> Task :connectivity_plus:generateReleaseResources UP-TO-DATE
> Task :network_info_plus:generateReleaseResources UP-TO-DATE
> Task :audio_streamer:packageReleaseResources UP-TO-DATE
> Task :flutter_blue_plus_android:packageReleaseResources UP-TO-DATE
> Task :network_info_plus:packageReleaseResources UP-TO-DATE
> Task :connectivity_plus:packageReleaseResources UP-TO-DATE
> Task :geolocator_android:packageReleaseResources UP-TO-DATE
> Task :flutter_blue_plus_android:parseReleaseLocalResources UP-TO-DATE
> Task :audio_streamer:parseReleaseLocalResources UP-TO-DATE
> Task :app_links:parseReleaseLocalResources UP-TO-DATE
> Task :network_info_plus:parseReleaseLocalResources UP-TO-DATE
> Task :h3_flutter:buildCMakeRelWithDebInfo[arm64-v8a]
> Task :audio_streamer:generateReleaseRFile UP-TO-DATE
> Task :network_info_plus:generateReleaseRFile UP-TO-DATE
> Task :geolocator_android:parseReleaseLocalResources UP-TO-DATE
> Task :flutter_blue_plus_android:generateReleaseRFile UP-TO-DATE
> Task :connectivity_plus:parseReleaseLocalResources UP-TO-DATE
> Task :geolocator_android:generateReleaseRFile UP-TO-DATE
> Task :app_links:generateReleaseRFile UP-TO-DATE
> Task :flutter_blue_plus_android:javaPreCompileRelease UP-TO-DATE
> Task :app_links:javaPreCompileRelease UP-TO-DATE
> Task :geolocator_android:javaPreCompileRelease UP-TO-DATE
> Task :connectivity_plus:generateReleaseRFile UP-TO-DATE
> Task :connectivity_plus:javaPreCompileRelease UP-TO-DATE
> Task :h3_flutter:configureCMakeRelWithDebInfo[armeabi-v7a]
> Task :h3_flutter:buildCMakeRelWithDebInfo[armeabi-v7a]
> Task :h3_flutter:configureCMakeRelWithDebInfo[x86]
> Task :h3_flutter:buildCMakeRelWithDebInfo[x86]
> Task :flutter_blue_plus_android:compileReleaseJavaWithJavac UP-TO-DATE
> Task :geolocator_android:compileReleaseJavaWithJavac UP-TO-DATE
> Task :app_links:compileReleaseJavaWithJavac UP-TO-DATE
> Task :connectivity_plus:compileReleaseJavaWithJavac UP-TO-DATE
> Task :geolocator_android:mergeReleaseGeneratedProguardFiles UP-TO-DATE
> Task :app_links:mergeReleaseGeneratedProguardFiles UP-TO-DATE
> Task :flutter_blue_plus_android:mergeReleaseGeneratedProguardFiles UP-TO-DATE
> Task :app_links:exportReleaseConsumerProguardFiles UP-TO-DATE
> Task :geolocator_android:exportReleaseConsumerProguardFiles UP-TO-DATE
> Task :connectivity_plus:mergeReleaseGeneratedProguardFiles UP-TO-DATE
> Task :flutter_blue_plus_android:exportReleaseConsumerProguardFiles UP-TO-DATE
> Task :package_info_plus:checkKotlinGradlePluginConfigurationErrors SKIPPED
> Task :connectivity_plus:exportReleaseConsumerProguardFiles UP-TO-DATE
> Task :package_info_plus:generateReleaseResValues UP-TO-DATE
> Task :sentry_flutter:checkKotlinGradlePluginConfigurationErrors SKIPPED
> Task :wakelock_plus:checkKotlinGradlePluginConfigurationErrors SKIPPED
> Task :package_info_plus:generateReleaseResources UP-TO-DATE
> Task :path_provider_android:generateReleaseResValues UP-TO-DATE
> Task :wakelock_plus:generateReleaseResValues UP-TO-DATE
> Task :h3_flutter:configureCMakeRelWithDebInfo[x86_64]
> Task :sentry_flutter:generateReleaseResValues UP-TO-DATE
> Task :path_provider_android:generateReleaseResources UP-TO-DATE
> Task :wakelock_plus:generateReleaseResources UP-TO-DATE
> Task :package_info_plus:packageReleaseResources UP-TO-DATE
> Task :sentry_flutter:generateReleaseResources UP-TO-DATE
> Task :wakelock_plus:packageReleaseResources UP-TO-DATE
> Task :sentry_flutter:packageReleaseResources UP-TO-DATE
> Task :path_provider_android:packageReleaseResources UP-TO-DATE
> Task :package_info_plus:parseReleaseLocalResources UP-TO-DATE
> Task :sentry_flutter:parseReleaseLocalResources UP-TO-DATE
> Task :wakelock_plus:parseReleaseLocalResources UP-TO-DATE
> Task :path_provider_android:parseReleaseLocalResources UP-TO-DATE
> Task :package_info_plus:generateReleaseRFile UP-TO-DATE
> Task :sentry_flutter:generateReleaseRFile UP-TO-DATE
> Task :path_provider_android:generateReleaseRFile UP-TO-DATE
> Task :audio_streamer:compileReleaseKotlin UP-TO-DATE
> Task :wakelock_plus:generateReleaseRFile UP-TO-DATE
> Task :sentry_flutter:javaPreCompileRelease UP-TO-DATE
> Task :h3_flutter:buildCMakeRelWithDebInfo[x86_64]
> Task :wakelock_plus:javaPreCompileRelease UP-TO-DATE
> Task :network_info_plus:compileReleaseKotlin UP-TO-DATE
> Task :sensors_plus:checkKotlinGradlePluginConfigurationErrors SKIPPED
> Task :path_provider_android:javaPreCompileRelease UP-TO-DATE
> Task :audio_streamer:javaPreCompileRelease UP-TO-DATE
> Task :permission_handler_android:generateReleaseResValues UP-TO-DATE
> Task :sensors_plus:generateReleaseResValues UP-TO-DATE
> Task :network_info_plus:javaPreCompileRelease UP-TO-DATE
> Task :permission_handler_android:generateReleaseResources UP-TO-DATE
> Task :audio_streamer:compileReleaseJavaWithJavac NO-SOURCE
> Task :audio_streamer:mergeReleaseGeneratedProguardFiles UP-TO-DATE
> Task :audio_streamer:exportReleaseConsumerProguardFiles UP-TO-DATE
> Task :share_plus:checkKotlinGradlePluginConfigurationErrors SKIPPED
> Task :network_info_plus:compileReleaseJavaWithJavac NO-SOURCE
> Task :sensors_plus:generateReleaseResources UP-TO-DATE
> Task :network_info_plus:mergeReleaseGeneratedProguardFiles UP-TO-DATE
> Task :h3_flutter:mergeReleaseJniLibFolders UP-TO-DATE
> Task :network_info_plus:exportReleaseConsumerProguardFiles UP-TO-DATE
> Task :shared_preferences_android:checkKotlinGradlePluginConfigurationErrors SKIPPED
> Task :share_plus:generateReleaseResValues UP-TO-DATE
> Task :shared_preferences_android:generateReleaseResValues UP-TO-DATE
> Task :h3_flutter:mergeReleaseNativeLibs UP-TO-DATE
> Task :permission_handler_android:packageReleaseResources UP-TO-DATE
> Task :sensors_plus:packageReleaseResources UP-TO-DATE
> Task :share_plus:generateReleaseResources UP-TO-DATE
> Task :shared_preferences_android:generateReleaseResources UP-TO-DATE
> Task :h3_flutter:copyReleaseJniLibsProjectOnly UP-TO-DATE
> Task :permission_handler_android:parseReleaseLocalResources UP-TO-DATE
> Task :sensors_plus:parseReleaseLocalResources UP-TO-DATE
> Task :h3_flutter:generateReleaseResValues UP-TO-DATE
> Task :shared_preferences_android:packageReleaseResources UP-TO-DATE
> Task :share_plus:packageReleaseResources UP-TO-DATE
> Task :h3_flutter:generateReleaseResources UP-TO-DATE
> Task :permission_handler_android:generateReleaseRFile UP-TO-DATE
> Task :sensors_plus:generateReleaseRFile UP-TO-DATE
> Task :path_provider_android:compileReleaseJavaWithJavac UP-TO-DATE
> Task :path_provider_android:mergeReleaseGeneratedProguardFiles UP-TO-DATE
> Task :path_provider_android:exportReleaseConsumerProguardFiles UP-TO-DATE
> Task :permission_handler_android:javaPreCompileRelease UP-TO-DATE
> Task :sqflite_android:generateReleaseResValues UP-TO-DATE
> Task :shared_preferences_android:parseReleaseLocalResources UP-TO-DATE
> Task :share_plus:parseReleaseLocalResources UP-TO-DATE
> Task :sqflite_android:generateReleaseResources UP-TO-DATE
> Task :h3_flutter:packageReleaseResources UP-TO-DATE
> Task :shared_preferences_android:generateReleaseRFile UP-TO-DATE
> Task :h3_flutter:parseReleaseLocalResources UP-TO-DATE
> Task :share_plus:generateReleaseRFile UP-TO-DATE
> Task :sqflite_android:packageReleaseResources UP-TO-DATE
> Task :h3_flutter:generateReleaseRFile UP-TO-DATE
> Task :h3_flutter:javaPreCompileRelease UP-TO-DATE
> Task :sqflite_android:parseReleaseLocalResources UP-TO-DATE
> Task :h3_flutter:compileReleaseJavaWithJavac NO-SOURCE
> Task :h3_flutter:mergeReleaseGeneratedProguardFiles UP-TO-DATE
> Task :h3_flutter:exportReleaseConsumerProguardFiles UP-TO-DATE
> Task :sqflite_android:generateReleaseRFile UP-TO-DATE
> Task :url_launcher_android:generateReleaseBuildConfig UP-TO-DATE
> Task :url_launcher_android:generateReleaseResValues UP-TO-DATE
> Task :sqflite_android:javaPreCompileRelease UP-TO-DATE
> Task :url_launcher_android:generateReleaseResources UP-TO-DATE
> Task :sensors_plus:compileReleaseKotlin UP-TO-DATE
> Task :url_launcher_android:packageReleaseResources UP-TO-DATE
> Task :sensors_plus:javaPreCompileRelease UP-TO-DATE
> Task :package_info_plus:compileReleaseKotlin UP-TO-DATE
> Task :sensors_plus:compileReleaseJavaWithJavac NO-SOURCE
> Task :url_launcher_android:parseReleaseLocalResources UP-TO-DATE
> Task :sensors_plus:mergeReleaseGeneratedProguardFiles UP-TO-DATE
> Task :sensors_plus:exportReleaseConsumerProguardFiles UP-TO-DATE
> Task :wifi_scan:checkKotlinGradlePluginConfigurationErrors SKIPPED
> Task :url_launcher_android:generateReleaseRFile UP-TO-DATE
> Task :wifi_scan:generateReleaseResValues UP-TO-DATE
> Task :wifi_scan:generateReleaseResources UP-TO-DATE
> Task :url_launcher_android:javaPreCompileRelease UP-TO-DATE
> Task :wifi_scan:packageReleaseResources UP-TO-DATE
> Task :package_info_plus:javaPreCompileRelease UP-TO-DATE
> Task :package_info_plus:compileReleaseJavaWithJavac NO-SOURCE
> Task :package_info_plus:bundleLibCompileToJarRelease UP-TO-DATE
> Task :wifi_scan:parseReleaseLocalResources UP-TO-DATE
> Task :permission_handler_android:compileReleaseJavaWithJavac UP-TO-DATE
> Task :package_info_plus:mergeReleaseGeneratedProguardFiles UP-TO-DATE
> Task :sqflite_android:compileReleaseJavaWithJavac UP-TO-DATE
> Task :package_info_plus:exportReleaseConsumerProguardFiles UP-TO-DATE
> Task :permission_handler_android:mergeReleaseGeneratedProguardFiles UP-TO-DATE
> Task :sqflite_android:mergeReleaseGeneratedProguardFiles UP-TO-DATE
> Task :sqflite_android:exportReleaseConsumerProguardFiles UP-TO-DATE
> Task :permission_handler_android:exportReleaseConsumerProguardFiles UP-TO-DATE
> Task :app_links:writeReleaseAarMetadata UP-TO-DATE
> Task :wifi_scan:generateReleaseRFile UP-TO-DATE
> Task :audio_streamer:writeReleaseAarMetadata UP-TO-DATE
> Task :connectivity_plus:writeReleaseAarMetadata UP-TO-DATE
> Task :flutter_blue_plus_android:writeReleaseAarMetadata UP-TO-DATE
> Task :geolocator_android:writeReleaseAarMetadata UP-TO-DATE
> Task :h3_flutter:writeReleaseAarMetadata UP-TO-DATE
> Task :network_info_plus:writeReleaseAarMetadata UP-TO-DATE
> Task :package_info_plus:writeReleaseAarMetadata UP-TO-DATE
> Task :path_provider_android:writeReleaseAarMetadata UP-TO-DATE
> Task :permission_handler_android:writeReleaseAarMetadata UP-TO-DATE
> Task :sensors_plus:writeReleaseAarMetadata UP-TO-DATE
> Task :sqflite_android:writeReleaseAarMetadata UP-TO-DATE
> Task :app_links:mergeReleaseShaders UP-TO-DATE
> Task :app_links:compileReleaseShaders NO-SOURCE
> Task :app_links:generateReleaseAssets UP-TO-DATE
> Task :app_links:mergeReleaseAssets UP-TO-DATE
> Task :audio_streamer:mergeReleaseShaders UP-TO-DATE
> Task :audio_streamer:compileReleaseShaders NO-SOURCE
> Task :audio_streamer:generateReleaseAssets UP-TO-DATE
> Task :audio_streamer:mergeReleaseAssets UP-TO-DATE
> Task :connectivity_plus:mergeReleaseShaders UP-TO-DATE
> Task :connectivity_plus:compileReleaseShaders NO-SOURCE
> Task :connectivity_plus:generateReleaseAssets UP-TO-DATE
> Task :connectivity_plus:mergeReleaseAssets UP-TO-DATE
> Task :flutter_blue_plus_android:mergeReleaseShaders UP-TO-DATE
> Task :flutter_blue_plus_android:compileReleaseShaders NO-SOURCE
> Task :flutter_blue_plus_android:generateReleaseAssets UP-TO-DATE
> Task :flutter_blue_plus_android:mergeReleaseAssets UP-TO-DATE
> Task :geolocator_android:mergeReleaseShaders UP-TO-DATE
> Task :geolocator_android:compileReleaseShaders NO-SOURCE
> Task :geolocator_android:generateReleaseAssets UP-TO-DATE
> Task :geolocator_android:mergeReleaseAssets UP-TO-DATE
> Task :h3_flutter:mergeReleaseShaders UP-TO-DATE
> Task :h3_flutter:compileReleaseShaders NO-SOURCE
> Task :h3_flutter:generateReleaseAssets UP-TO-DATE
> Task :h3_flutter:mergeReleaseAssets UP-TO-DATE
> Task :network_info_plus:mergeReleaseShaders UP-TO-DATE
> Task :network_info_plus:compileReleaseShaders NO-SOURCE
> Task :network_info_plus:generateReleaseAssets UP-TO-DATE
> Task :network_info_plus:mergeReleaseAssets UP-TO-DATE
> Task :package_info_plus:mergeReleaseShaders UP-TO-DATE
> Task :package_info_plus:compileReleaseShaders NO-SOURCE
> Task :package_info_plus:generateReleaseAssets UP-TO-DATE
> Task :package_info_plus:mergeReleaseAssets UP-TO-DATE
> Task :path_provider_android:mergeReleaseShaders UP-TO-DATE
> Task :path_provider_android:compileReleaseShaders NO-SOURCE
> Task :path_provider_android:generateReleaseAssets UP-TO-DATE
> Task :share_plus:compileReleaseKotlin UP-TO-DATE
> Task :url_launcher_android:compileReleaseJavaWithJavac UP-TO-DATE
> Task :share_plus:javaPreCompileRelease UP-TO-DATE
> Task :url_launcher_android:mergeReleaseGeneratedProguardFiles UP-TO-DATE
> Task :share_plus:compileReleaseJavaWithJavac NO-SOURCE
> Task :path_provider_android:mergeReleaseAssets UP-TO-DATE
> Task :wifi_scan:compileReleaseKotlin UP-TO-DATE
> Task :share_plus:mergeReleaseGeneratedProguardFiles UP-TO-DATE
> Task :share_plus:exportReleaseConsumerProguardFiles UP-TO-DATE
> Task :share_plus:writeReleaseAarMetadata UP-TO-DATE
> Task :wifi_scan:javaPreCompileRelease UP-TO-DATE
> Task :sentry_flutter:compileReleaseKotlin UP-TO-DATE
> Task :permission_handler_android:mergeReleaseShaders UP-TO-DATE
> Task :url_launcher_android:exportReleaseConsumerProguardFiles UP-TO-DATE
> Task :wifi_scan:compileReleaseJavaWithJavac NO-SOURCE
> Task :url_launcher_android:writeReleaseAarMetadata UP-TO-DATE
> Task :sentry_flutter:compileReleaseJavaWithJavac NO-SOURCE
> Task :permission_handler_android:compileReleaseShaders NO-SOURCE
> Task :permission_handler_android:generateReleaseAssets UP-TO-DATE
> Task :permission_handler_android:mergeReleaseAssets UP-TO-DATE
> Task :wifi_scan:mergeReleaseGeneratedProguardFiles UP-TO-DATE
> Task :sensors_plus:mergeReleaseShaders UP-TO-DATE
> Task :share_plus:mergeReleaseShaders UP-TO-DATE
> Task :wifi_scan:exportReleaseConsumerProguardFiles UP-TO-DATE
> Task :sentry_flutter:mergeReleaseGeneratedProguardFiles UP-TO-DATE
> Task :sensors_plus:compileReleaseShaders NO-SOURCE
> Task :share_plus:compileReleaseShaders NO-SOURCE
> Task :sensors_plus:generateReleaseAssets UP-TO-DATE
> Task :wifi_scan:writeReleaseAarMetadata UP-TO-DATE
> Task :sentry_flutter:exportReleaseConsumerProguardFiles UP-TO-DATE
> Task :share_plus:generateReleaseAssets UP-TO-DATE
> Task :share_plus:mergeReleaseAssets UP-TO-DATE
> Task :wifi_scan:mergeReleaseShaders UP-TO-DATE
> Task :wifi_scan:compileReleaseShaders NO-SOURCE
> Task :wifi_scan:generateReleaseAssets UP-TO-DATE
> Task :sensors_plus:mergeReleaseAssets UP-TO-DATE
> Task :sqflite_android:mergeReleaseShaders UP-TO-DATE
> Task :shared_preferences_android:compileReleaseKotlin UP-TO-DATE
> Task :wifi_scan:mergeReleaseAssets UP-TO-DATE
> Task :sentry_flutter:writeReleaseAarMetadata UP-TO-DATE
> Task :sqflite_android:compileReleaseShaders NO-SOURCE
> Task :sqflite_android:generateReleaseAssets UP-TO-DATE
> Task :audio_streamer:extractDeepLinksRelease UP-TO-DATE
> Task :sqflite_android:mergeReleaseAssets UP-TO-DATE
> Task :sentry_flutter:mergeReleaseShaders UP-TO-DATE
> Task :audio_streamer:processReleaseManifest UP-TO-DATE
> Task :connectivity_plus:extractDeepLinksRelease UP-TO-DATE
> Task :wakelock_plus:compileReleaseKotlin UP-TO-DATE
> Task :sentry_flutter:compileReleaseShaders NO-SOURCE
> Task :app_links:extractDeepLinksRelease UP-TO-DATE
> Task :sentry_flutter:generateReleaseAssets UP-TO-DATE
> Task :app_links:processReleaseManifest UP-TO-DATE
> Task :shared_preferences_android:javaPreCompileRelease UP-TO-DATE
> Task :flutter_blue_plus_android:extractDeepLinksRelease UP-TO-DATE
> Task :flutter_blue_plus_android:processReleaseManifest UP-TO-DATE
> Task :url_launcher_android:mergeReleaseShaders UP-TO-DATE
> Task :h3_flutter:extractDeepLinksRelease UP-TO-DATE
> Task :url_launcher_android:compileReleaseShaders NO-SOURCE
> Task :geolocator_android:extractDeepLinksRelease UP-TO-DATE
> Task :url_launcher_android:generateReleaseAssets UP-TO-DATE
> Task :connectivity_plus:processReleaseManifest UP-TO-DATE
> Task :wakelock_plus:compileReleaseJavaWithJavac NO-SOURCE
> Task :sentry_flutter:mergeReleaseAssets UP-TO-DATE
> Task :network_info_plus:extractDeepLinksRelease UP-TO-DATE
> Task :geolocator_android:processReleaseManifest UP-TO-DATE
> Task :package_info_plus:extractDeepLinksRelease UP-TO-DATE
> Task :url_launcher_android:mergeReleaseAssets UP-TO-DATE
> Task :path_provider_android:extractDeepLinksRelease UP-TO-DATE
> Task :network_info_plus:processReleaseManifest UP-TO-DATE
> Task :sensors_plus:extractDeepLinksRelease UP-TO-DATE
> Task :shared_preferences_android:compileReleaseJavaWithJavac UP-TO-DATE
> Task :permission_handler_android:extractDeepLinksRelease UP-TO-DATE
> Task :package_info_plus:processReleaseManifest UP-TO-DATE
> Task :shared_preferences_android:mergeReleaseGeneratedProguardFiles UP-TO-DATE
> Task :wakelock_plus:mergeReleaseGeneratedProguardFiles UP-TO-DATE
> Task :shared_preferences_android:exportReleaseConsumerProguardFiles UP-TO-DATE
> Task :sentry_flutter:extractDeepLinksRelease UP-TO-DATE
> Task :shared_preferences_android:writeReleaseAarMetadata UP-TO-DATE
> Task :h3_flutter:processReleaseManifest UP-TO-DATE
> Task :shared_preferences_android:mergeReleaseShaders UP-TO-DATE
> Task :path_provider_android:processReleaseManifest UP-TO-DATE
> Task :sentry_flutter:processReleaseManifest UP-TO-DATE
> Task :sensors_plus:processReleaseManifest UP-TO-DATE
> Task :sqflite_android:extractDeepLinksRelease UP-TO-DATE
> Task :share_plus:extractDeepLinksRelease UP-TO-DATE
> Task :url_launcher_android:extractDeepLinksRelease UP-TO-DATE
> Task :share_plus:processReleaseManifest UP-TO-DATE
> Task :shared_preferences_android:compileReleaseShaders NO-SOURCE
> Task :shared_preferences_android:generateReleaseAssets UP-TO-DATE
> Task :wifi_scan:extractDeepLinksRelease UP-TO-DATE
> Task :url_launcher_android:processReleaseManifest UP-TO-DATE
> Task :wakelock_plus:exportReleaseConsumerProguardFiles UP-TO-DATE
> Task :sqflite_android:processReleaseManifest UP-TO-DATE
> Task :audio_streamer:bundleLibCompileToJarRelease UP-TO-DATE
> Task :app_links:bundleLibCompileToJarRelease UP-TO-DATE
> Task :permission_handler_android:processReleaseManifest UP-TO-DATE
> Task :wifi_scan:processReleaseManifest UP-TO-DATE
> Task :connectivity_plus:bundleLibCompileToJarRelease UP-TO-DATE
> Task :shared_preferences_android:mergeReleaseAssets UP-TO-DATE
> Task :geolocator_android:bundleLibCompileToJarRelease UP-TO-DATE
> Task :shared_preferences_android:extractDeepLinksRelease UP-TO-DATE
> Task :wakelock_plus:writeReleaseAarMetadata UP-TO-DATE
> Task :h3_flutter:bundleLibCompileToJarRelease UP-TO-DATE
> Task :network_info_plus:bundleLibCompileToJarRelease UP-TO-DATE
> Task :wakelock_plus:mergeReleaseShaders UP-TO-DATE
> Task :flutter_blue_plus_android:bundleLibCompileToJarRelease UP-TO-DATE
> Task :sensors_plus:bundleLibCompileToJarRelease UP-TO-DATE
> Task :path_provider_android:bundleLibCompileToJarRelease UP-TO-DATE
> Task :share_plus:bundleLibCompileToJarRelease UP-TO-DATE
> Task :sqflite_android:bundleLibCompileToJarRelease UP-TO-DATE
> Task :wifi_scan:bundleLibCompileToJarRelease UP-TO-DATE
> Task :app_links:prepareReleaseArtProfile UP-TO-DATE
> Task :permission_handler_android:bundleLibCompileToJarRelease UP-TO-DATE
> Task :audio_streamer:prepareReleaseArtProfile UP-TO-DATE
> Task :connectivity_plus:prepareReleaseArtProfile UP-TO-DATE
> Task :flutter_blue_plus_android:prepareReleaseArtProfile UP-TO-DATE
> Task :sentry_flutter:bundleLibCompileToJarRelease UP-TO-DATE
> Task :geolocator_android:prepareReleaseArtProfile UP-TO-DATE
> Task :h3_flutter:prepareReleaseArtProfile UP-TO-DATE
> Task :package_info_plus:prepareReleaseArtProfile UP-TO-DATE
> Task :permission_handler_android:prepareReleaseArtProfile UP-TO-DATE
> Task :network_info_plus:prepareReleaseArtProfile UP-TO-DATE
> Task :sensors_plus:prepareReleaseArtProfile UP-TO-DATE
> Task :share_plus:prepareReleaseArtProfile UP-TO-DATE
> Task :path_provider_android:prepareReleaseArtProfile UP-TO-DATE
> Task :shared_preferences_android:processReleaseManifest UP-TO-DATE
> Task :sentry_flutter:prepareReleaseArtProfile UP-TO-DATE
> Task :shared_preferences_android:bundleLibCompileToJarRelease UP-TO-DATE
> Task :wifi_scan:prepareReleaseArtProfile UP-TO-DATE
> Task :url_launcher_android:bundleLibCompileToJarRelease UP-TO-DATE
> Task :wakelock_plus:compileReleaseShaders NO-SOURCE
> Task :wakelock_plus:generateReleaseAssets UP-TO-DATE
> Task :app_links:bundleLibRuntimeToJarRelease UP-TO-DATE
> Task :audio_streamer:bundleLibRuntimeToJarRelease UP-TO-DATE
> Task :sqflite_android:prepareReleaseArtProfile UP-TO-DATE
> Task :shared_preferences_android:prepareReleaseArtProfile UP-TO-DATE
> Task :connectivity_plus:bundleLibRuntimeToJarRelease UP-TO-DATE
> Task :url_launcher_android:prepareReleaseArtProfile UP-TO-DATE
> Task :flutter_blue_plus_android:bundleLibRuntimeToJarRelease UP-TO-DATE
> Task :network_info_plus:bundleLibRuntimeToJarRelease UP-TO-DATE
> Task :geolocator_android:bundleLibRuntimeToJarRelease UP-TO-DATE
> Task :h3_flutter:bundleLibRuntimeToJarRelease UP-TO-DATE
> Task :permission_handler_android:bundleLibRuntimeToJarRelease UP-TO-DATE
> Task :sensors_plus:bundleLibRuntimeToJarRelease UP-TO-DATE
> Task :wakelock_plus:mergeReleaseAssets UP-TO-DATE
> Task :share_plus:bundleLibRuntimeToJarRelease UP-TO-DATE
> Task :shared_preferences_android:bundleLibRuntimeToJarRelease UP-TO-DATE
> Task :sqflite_android:bundleLibRuntimeToJarRelease UP-TO-DATE
> Task :url_launcher_android:bundleLibRuntimeToJarRelease UP-TO-DATE
> Task :wifi_scan:bundleLibRuntimeToJarRelease UP-TO-DATE
> Task :app_links:processReleaseJavaRes NO-SOURCE
> Task :wakelock_plus:extractDeepLinksRelease UP-TO-DATE
> Task :package_info_plus:bundleLibRuntimeToJarRelease UP-TO-DATE
> Task :flutter_blue_plus_android:processReleaseJavaRes NO-SOURCE
> Task :audio_streamer:processReleaseJavaRes UP-TO-DATE
> Task :path_provider_android:bundleLibRuntimeToJarRelease UP-TO-DATE
> Task :connectivity_plus:processReleaseJavaRes NO-SOURCE
> Task :wakelock_plus:processReleaseManifest UP-TO-DATE
> Task :sentry_flutter:bundleLibRuntimeToJarRelease UP-TO-DATE
> Task :h3_flutter:processReleaseJavaRes NO-SOURCE
> Task :path_provider_android:processReleaseJavaRes NO-SOURCE
> Task :geolocator_android:processReleaseJavaRes NO-SOURCE
> Task :sensors_plus:processReleaseJavaRes UP-TO-DATE
> Task :wakelock_plus:bundleLibCompileToJarRelease UP-TO-DATE
> Task :permission_handler_android:processReleaseJavaRes NO-SOURCE
> Task :wakelock_plus:prepareReleaseArtProfile UP-TO-DATE
> Task :network_info_plus:processReleaseJavaRes UP-TO-DATE
> Task :share_plus:processReleaseJavaRes UP-TO-DATE
> Task :sqflite_android:processReleaseJavaRes NO-SOURCE
> Task :sentry_flutter:processReleaseJavaRes UP-TO-DATE
> Task :url_launcher_android:processReleaseJavaRes NO-SOURCE
> Task :app_links:createFullJarRelease UP-TO-DATE
> Task :audio_streamer:createFullJarRelease UP-TO-DATE
> Task :app_links:extractProguardFiles UP-TO-DATE
> Task :connectivity_plus:createFullJarRelease UP-TO-DATE
> Task :wifi_scan:processReleaseJavaRes UP-TO-DATE
> Task :audio_streamer:extractProguardFiles UP-TO-DATE
> Task :connectivity_plus:extractProguardFiles UP-TO-DATE
> Task :wakelock_plus:bundleLibRuntimeToJarRelease UP-TO-DATE
> Task :wakelock_plus:processReleaseJavaRes UP-TO-DATE
> Task :package_info_plus:processReleaseJavaRes UP-TO-DATE
> Task :flutter_blue_plus_android:createFullJarRelease UP-TO-DATE
> Task :geolocator_android:createFullJarRelease UP-TO-DATE
> Task :h3_flutter:createFullJarRelease UP-TO-DATE
> Task :shared_preferences_android:processReleaseJavaRes UP-TO-DATE
> Task :network_info_plus:createFullJarRelease UP-TO-DATE
> Task :flutter_blue_plus_android:extractProguardFiles UP-TO-DATE
> Task :network_info_plus:extractProguardFiles UP-TO-DATE
> Task :h3_flutter:extractProguardFiles UP-TO-DATE
> Task :connectivity_plus:generateReleaseLintModel UP-TO-DATE
> Task :connectivity_plus:prepareLintJarForPublish UP-TO-DATE
> Task :package_info_plus:createFullJarRelease UP-TO-DATE
> Task :package_info_plus:extractProguardFiles UP-TO-DATE
> Task :audio_streamer:generateReleaseLintModel UP-TO-DATE
> Task :audio_streamer:prepareLintJarForPublish UP-TO-DATE
> Task :path_provider_android:createFullJarRelease UP-TO-DATE
> Task :path_provider_android:extractProguardFiles UP-TO-DATE
> Task :network_info_plus:generateReleaseLintModel UP-TO-DATE
> Task :network_info_plus:prepareLintJarForPublish UP-TO-DATE
> Task :flutter_blue_plus_android:generateReleaseLintModel UP-TO-DATE
> Task :package_info_plus:generateReleaseLintModel UP-TO-DATE
> Task :permission_handler_android:createFullJarRelease UP-TO-DATE
> Task :flutter_blue_plus_android:prepareLintJarForPublish UP-TO-DATE
> Task :package_info_plus:prepareLintJarForPublish UP-TO-DATE
> Task :permission_handler_android:extractProguardFiles UP-TO-DATE
> Task :sentry_flutter:createFullJarRelease UP-TO-DATE
> Task :sensors_plus:createFullJarRelease UP-TO-DATE
> Task :sentry_flutter:extractProguardFiles UP-TO-DATE
> Task :sensors_plus:extractProguardFiles UP-TO-DATE
> Task :app_links:generateReleaseLintModel UP-TO-DATE
> Task :app_links:prepareLintJarForPublish UP-TO-DATE
> Task :share_plus:createFullJarRelease UP-TO-DATE
> Task :share_plus:extractProguardFiles UP-TO-DATE
> Task :permission_handler_android:generateReleaseLintModel UP-TO-DATE
> Task :sentry_flutter:generateReleaseLintModel UP-TO-DATE
> Task :permission_handler_android:prepareLintJarForPublish UP-TO-DATE
> Task :sentry_flutter:prepareLintJarForPublish UP-TO-DATE
> Task :shared_preferences_android:createFullJarRelease UP-TO-DATE
> Task :sqflite_android:createFullJarRelease UP-TO-DATE
> Task :geolocator_android:extractProguardFiles UP-TO-DATE
> Task :sqflite_android:extractProguardFiles UP-TO-DATE
> Task :shared_preferences_android:extractProguardFiles UP-TO-DATE
> Task :share_plus:generateReleaseLintModel UP-TO-DATE
> Task :share_plus:prepareLintJarForPublish UP-TO-DATE
> Task :url_launcher_android:createFullJarRelease UP-TO-DATE
> Task :url_launcher_android:extractProguardFiles UP-TO-DATE
> Task :sqflite_android:generateReleaseLintModel UP-TO-DATE
> Task :sensors_plus:generateReleaseLintModel UP-TO-DATE
> Task :geolocator_android:generateReleaseLintModel UP-TO-DATE
> Task :geolocator_android:prepareLintJarForPublish UP-TO-DATE
> Task :wakelock_plus:createFullJarRelease UP-TO-DATE
> Task :wakelock_plus:extractProguardFiles UP-TO-DATE
> Task :shared_preferences_android:generateReleaseLintModel UP-TO-DATE
> Task :sqflite_android:prepareLintJarForPublish UP-TO-DATE
> Task :shared_preferences_android:prepareLintJarForPublish UP-TO-DATE
> Task :wifi_scan:createFullJarRelease UP-TO-DATE
> Task :app_links:stripReleaseDebugSymbols NO-SOURCE
> Task :sensors_plus:prepareLintJarForPublish UP-TO-DATE
> Task :audio_streamer:stripReleaseDebugSymbols NO-SOURCE
> Task :url_launcher_android:generateReleaseLintModel UP-TO-DATE
> Task :audio_streamer:copyReleaseJniLibsProjectAndLocalJars UP-TO-DATE
> Task :audio_streamer:extractDeepLinksForAarRelease UP-TO-DATE
> Task :wifi_scan:extractProguardFiles UP-TO-DATE
> Task :url_launcher_android:prepareLintJarForPublish UP-TO-DATE
> Task :connectivity_plus:stripReleaseDebugSymbols NO-SOURCE
> Task :connectivity_plus:copyReleaseJniLibsProjectAndLocalJars UP-TO-DATE
> Task :connectivity_plus:extractDeepLinksForAarRelease UP-TO-DATE
> Task :app_links:copyReleaseJniLibsProjectAndLocalJars UP-TO-DATE
> Task :app_links:extractDeepLinksForAarRelease UP-TO-DATE
> Task :path_provider_android:generateReleaseLintModel UP-TO-DATE
> Task :path_provider_android:prepareLintJarForPublish UP-TO-DATE
> Task :flutter_blue_plus_android:stripReleaseDebugSymbols NO-SOURCE
> Task :flutter_blue_plus_android:copyReleaseJniLibsProjectAndLocalJars UP-TO-DATE
> Task :connectivity_plus:extractReleaseAnnotations UP-TO-DATE
> Task :wakelock_plus:generateReleaseLintModel UP-TO-DATE
> Task :flutter_blue_plus_android:extractDeepLinksForAarRelease UP-TO-DATE
> Task :connectivity_plus:mergeReleaseConsumerProguardFiles UP-TO-DATE
> Task :audio_streamer:extractReleaseAnnotations UP-TO-DATE
> Task :connectivity_plus:mergeReleaseJavaResource UP-TO-DATE
> Task :wakelock_plus:prepareLintJarForPublish UP-TO-DATE
> Task :audio_streamer:mergeReleaseConsumerProguardFiles UP-TO-DATE
> Task :geolocator_android:stripReleaseDebugSymbols NO-SOURCE
> Task :connectivity_plus:syncReleaseLibJars UP-TO-DATE
> Task :geolocator_android:copyReleaseJniLibsProjectAndLocalJars UP-TO-DATE
> Task :audio_streamer:mergeReleaseJavaResource UP-TO-DATE
> Task :geolocator_android:extractDeepLinksForAarRelease UP-TO-DATE
> Task :audio_streamer:syncReleaseLibJars UP-TO-DATE
> Task :flutter_blue_plus_android:extractReleaseAnnotations UP-TO-DATE
> Task :flutter_blue_plus_android:mergeReleaseConsumerProguardFiles UP-TO-DATE
> Task :connectivity_plus:bundleReleaseLocalLintAar UP-TO-DATE
> Task :audio_streamer:bundleReleaseLocalLintAar UP-TO-DATE
> Task :network_info_plus:stripReleaseDebugSymbols NO-SOURCE
> Task :network_info_plus:copyReleaseJniLibsProjectAndLocalJars UP-TO-DATE
> Task :flutter_blue_plus_android:mergeReleaseJavaResource UP-TO-DATE
> Task :sentry_flutter:stripReleaseDebugSymbols NO-SOURCE
> Task :flutter_blue_plus_android:syncReleaseLibJars UP-TO-DATE
> Task :sentry_flutter:copyReleaseJniLibsProjectAndLocalJars UP-TO-DATE
> Task :network_info_plus:extractDeepLinksForAarRelease UP-TO-DATE
> Task :sentry_flutter:extractDeepLinksForAarRelease UP-TO-DATE
> Task :flutter_blue_plus_android:bundleReleaseLocalLintAar UP-TO-DATE
> Task :h3_flutter:generateReleaseLintModel UP-TO-DATE
> Task :wakelock_plus:stripReleaseDebugSymbols NO-SOURCE
> Task :h3_flutter:prepareLintJarForPublish UP-TO-DATE
> Task :sentry_flutter:extractReleaseAnnotations UP-TO-DATE
> Task :geolocator_android:extractReleaseAnnotations UP-TO-DATE
> Task :wakelock_plus:copyReleaseJniLibsProjectAndLocalJars UP-TO-DATE
> Task :sentry_flutter:mergeReleaseConsumerProguardFiles UP-TO-DATE
> Task :h3_flutter:stripReleaseDebugSymbols UP-TO-DATE
> Task :network_info_plus:extractReleaseAnnotations UP-TO-DATE
> Task :wakelock_plus:extractDeepLinksForAarRelease UP-TO-DATE
> Task :network_info_plus:mergeReleaseConsumerProguardFiles UP-TO-DATE
> Task :geolocator_android:mergeReleaseConsumerProguardFiles UP-TO-DATE
> Task :h3_flutter:copyReleaseJniLibsProjectAndLocalJars UP-TO-DATE
> Task :sentry_flutter:mergeReleaseJavaResource UP-TO-DATE
> Task :network_info_plus:mergeReleaseJavaResource UP-TO-DATE
> Task :geolocator_android:mergeReleaseJavaResource UP-TO-DATE
> Task :sentry_flutter:syncReleaseLibJars UP-TO-DATE
> Task :h3_flutter:extractDeepLinksForAarRelease UP-TO-DATE
> Task :network_info_plus:syncReleaseLibJars UP-TO-DATE
> Task :geolocator_android:syncReleaseLibJars UP-TO-DATE
> Task :network_info_plus:bundleReleaseLocalLintAar UP-TO-DATE
> Task :package_info_plus:stripReleaseDebugSymbols NO-SOURCE
> Task :geolocator_android:bundleReleaseLocalLintAar UP-TO-DATE
> Task :sentry_flutter:bundleReleaseLocalLintAar UP-TO-DATE
> Task :package_info_plus:copyReleaseJniLibsProjectAndLocalJars UP-TO-DATE
> Task :path_provider_android:stripReleaseDebugSymbols NO-SOURCE
> Task :permission_handler_android:stripReleaseDebugSymbols NO-SOURCE
> Task :package_info_plus:extractDeepLinksForAarRelease UP-TO-DATE
> Task :wakelock_plus:extractReleaseAnnotations UP-TO-DATE
> Task :permission_handler_android:copyReleaseJniLibsProjectAndLocalJars UP-TO-DATE
> Task :path_provider_android:copyReleaseJniLibsProjectAndLocalJars UP-TO-DATE
> Task :wakelock_plus:mergeReleaseConsumerProguardFiles UP-TO-DATE
> Task :path_provider_android:extractDeepLinksForAarRelease UP-TO-DATE
> Task :permission_handler_android:extractDeepLinksForAarRelease UP-TO-DATE
> Task :wakelock_plus:mergeReleaseJavaResource UP-TO-DATE
> Task :wakelock_plus:syncReleaseLibJars UP-TO-DATE
> Task :wakelock_plus:bundleReleaseLocalLintAar UP-TO-DATE
> Task :sensors_plus:stripReleaseDebugSymbols NO-SOURCE
> Task :sensors_plus:copyReleaseJniLibsProjectAndLocalJars UP-TO-DATE
> Task :sensors_plus:extractDeepLinksForAarRelease UP-TO-DATE
> Task :app_links:extractReleaseAnnotations UP-TO-DATE
> Task :permission_handler_android:extractReleaseAnnotations UP-TO-DATE
> Task :app_links:mergeReleaseConsumerProguardFiles UP-TO-DATE
> Task :wifi_scan:generateReleaseLintModel UP-TO-DATE
> Task :path_provider_android:extractReleaseAnnotations UP-TO-DATE
> Task :package_info_plus:extractReleaseAnnotations UP-TO-DATE
> Task :sensors_plus:extractReleaseAnnotations UP-TO-DATE
> Task :permission_handler_android:mergeReleaseConsumerProguardFiles UP-TO-DATE
> Task :h3_flutter:extractReleaseAnnotations UP-TO-DATE
> Task :app_links:mergeReleaseJavaResource UP-TO-DATE
> Task :path_provider_android:mergeReleaseConsumerProguardFiles UP-TO-DATE
> Task :sensors_plus:mergeReleaseConsumerProguardFiles UP-TO-DATE
> Task :wifi_scan:prepareLintJarForPublish UP-TO-DATE
> Task :h3_flutter:mergeReleaseConsumerProguardFiles UP-TO-DATE
> Task :package_info_plus:mergeReleaseConsumerProguardFiles UP-TO-DATE
> Task :app_links:syncReleaseLibJars UP-TO-DATE
> Task :permission_handler_android:mergeReleaseJavaResource UP-TO-DATE
> Task :path_provider_android:mergeReleaseJavaResource UP-TO-DATE
> Task :h3_flutter:mergeReleaseJavaResource UP-TO-DATE
> Task :app_links:bundleReleaseLocalLintAar UP-TO-DATE
> Task :permission_handler_android:syncReleaseLibJars UP-TO-DATE
> Task :share_plus:stripReleaseDebugSymbols NO-SOURCE
> Task :sensors_plus:mergeReleaseJavaResource UP-TO-DATE
> Task :path_provider_android:syncReleaseLibJars UP-TO-DATE
> Task :package_info_plus:mergeReleaseJavaResource UP-TO-DATE
> Task :shared_preferences_android:stripReleaseDebugSymbols NO-SOURCE
> Task :permission_handler_android:bundleReleaseLocalLintAar UP-TO-DATE
> Task :path_provider_android:bundleReleaseLocalLintAar UP-TO-DATE
> Task :share_plus:copyReleaseJniLibsProjectAndLocalJars UP-TO-DATE
> Task :package_info_plus:syncReleaseLibJars UP-TO-DATE
> Task :sensors_plus:syncReleaseLibJars UP-TO-DATE
> Task :share_plus:extractDeepLinksForAarRelease UP-TO-DATE
> Task :package_info_plus:bundleReleaseLocalLintAar UP-TO-DATE
> Task :sensors_plus:bundleReleaseLocalLintAar UP-TO-DATE
> Task :sqflite_android:stripReleaseDebugSymbols NO-SOURCE
> Task :shared_preferences_android:copyReleaseJniLibsProjectAndLocalJars UP-TO-DATE
> Task :url_launcher_android:stripReleaseDebugSymbols NO-SOURCE
> Task :wifi_scan:stripReleaseDebugSymbols NO-SOURCE
> Task :sqflite_android:copyReleaseJniLibsProjectAndLocalJars UP-TO-DATE
> Task :shared_preferences_android:extractDeepLinksForAarRelease UP-TO-DATE
> Task :url_launcher_android:copyReleaseJniLibsProjectAndLocalJars UP-TO-DATE
> Task :sqflite_android:extractDeepLinksForAarRelease UP-TO-DATE
> Task :wifi_scan:copyReleaseJniLibsProjectAndLocalJars UP-TO-DATE
> Task :wifi_scan:extractDeepLinksForAarRelease UP-TO-DATE
> Task :url_launcher_android:extractDeepLinksForAarRelease UP-TO-DATE
> Task :url_launcher_android:extractReleaseAnnotations UP-TO-DATE
> Task :url_launcher_android:mergeReleaseConsumerProguardFiles UP-TO-DATE
> Task :wifi_scan:extractReleaseAnnotations UP-TO-DATE
> Task :sqflite_android:extractReleaseAnnotations UP-TO-DATE
> Task :share_plus:extractReleaseAnnotations UP-TO-DATE
> Task :sqflite_android:mergeReleaseConsumerProguardFiles UP-TO-DATE
> Task :wifi_scan:mergeReleaseConsumerProguardFiles UP-TO-DATE
> Task :url_launcher_android:mergeReleaseJavaResource UP-TO-DATE
> Task :share_plus:mergeReleaseConsumerProguardFiles UP-TO-DATE
> Task :url_launcher_android:syncReleaseLibJars UP-TO-DATE
> Task :sqflite_android:mergeReleaseJavaResource UP-TO-DATE
> Task :share_plus:mergeReleaseJavaResource UP-TO-DATE
> Task :share_plus:syncReleaseLibJars UP-TO-DATE
> Task :url_launcher_android:bundleReleaseLocalLintAar UP-TO-DATE
> Task :shared_preferences_android:extractReleaseAnnotations UP-TO-DATE
> Task :sqflite_android:syncReleaseLibJars UP-TO-DATE
> Task :share_plus:bundleReleaseLocalLintAar UP-TO-DATE
> Task :shared_preferences_android:mergeReleaseConsumerProguardFiles UP-TO-DATE
> Task :sqflite_android:bundleReleaseLocalLintAar UP-TO-DATE
> Task :shared_preferences_android:mergeReleaseJavaResource UP-TO-DATE
> Task :flutter_blue_plus_android:writeReleaseLintModelMetadata UP-TO-DATE
> Task :geolocator_android:writeReleaseLintModelMetadata UP-TO-DATE
> Task :shared_preferences_android:syncReleaseLibJars UP-TO-DATE
> Task :app_links:lintVitalAnalyzeRelease FROM-CACHE
> Task :h3_flutter:syncReleaseLibJars UP-TO-DATE
> Task :wifi_scan:mergeReleaseJavaResource UP-TO-DATE
> Task :app_links:writeReleaseLintModelMetadata UP-TO-DATE
> Task :shared_preferences_android:bundleReleaseLocalLintAar UP-TO-DATE
> Task :network_info_plus:writeReleaseLintModelMetadata UP-TO-DATE
> Task :package_info_plus:writeReleaseLintModelMetadata UP-TO-DATE
> Task :wifi_scan:syncReleaseLibJars UP-TO-DATE
> Task :path_provider_android:writeReleaseLintModelMetadata UP-TO-DATE
> Task :connectivity_plus:lintVitalAnalyzeRelease FROM-CACHE
> Task :permission_handler_android:writeReleaseLintModelMetadata UP-TO-DATE
> Task :h3_flutter:bundleReleaseLocalLintAar UP-TO-DATE
> Task :audio_streamer:lintVitalAnalyzeRelease FROM-CACHE
> Task :connectivity_plus:writeReleaseLintModelMetadata UP-TO-DATE
> Task :sensors_plus:writeReleaseLintModelMetadata UP-TO-DATE
> Task :wifi_scan:bundleReleaseLocalLintAar UP-TO-DATE
> Task :audio_streamer:writeReleaseLintModelMetadata UP-TO-DATE
> Task :h3_flutter:writeReleaseLintModelMetadata UP-TO-DATE
> Task :share_plus:writeReleaseLintModelMetadata UP-TO-DATE
> Task :sentry_flutter:writeReleaseLintModelMetadata UP-TO-DATE
> Task :shared_preferences_android:writeReleaseLintModelMetadata UP-TO-DATE
> Task :wakelock_plus:writeReleaseLintModelMetadata UP-TO-DATE
> Task :sqflite_android:writeReleaseLintModelMetadata UP-TO-DATE
> Task :wifi_scan:writeReleaseLintModelMetadata UP-TO-DATE
> Task :url_launcher_android:writeReleaseLintModelMetadata UP-TO-DATE
> Task :network_info_plus:lintVitalAnalyzeRelease FROM-CACHE
> Task :flutter_blue_plus_android:lintVitalAnalyzeRelease FROM-CACHE
> Task :geolocator_android:lintVitalAnalyzeRelease FROM-CACHE
> Task :connectivity_plus:generateReleaseLintVitalModel UP-TO-DATE
> Task :audio_streamer:generateReleaseLintVitalModel UP-TO-DATE
> Task :app_links:generateReleaseLintVitalModel UP-TO-DATE
> Task :flutter_blue_plus_android:generateReleaseLintVitalModel UP-TO-DATE
> Task :network_info_plus:generateReleaseLintVitalModel UP-TO-DATE
> Task :geolocator_android:generateReleaseLintVitalModel UP-TO-DATE
> Task :h3_flutter:lintVitalAnalyzeRelease FROM-CACHE
> Task :permission_handler_android:generateReleaseLintVitalModel UP-TO-DATE
> Task :package_info_plus:lintVitalAnalyzeRelease FROM-CACHE
> Task :sensors_plus:generateReleaseLintVitalModel UP-TO-DATE
> Task :h3_flutter:generateReleaseLintVitalModel UP-TO-DATE
> Task :package_info_plus:generateReleaseLintVitalModel UP-TO-DATE
> Task :shared_preferences_android:generateReleaseLintVitalModel UP-TO-DATE
> Task :permission_handler_android:lintVitalAnalyzeRelease FROM-CACHE
> Task :sqflite_android:generateReleaseLintVitalModel UP-TO-DATE
> Task :url_launcher_android:generateReleaseLintVitalModel UP-TO-DATE
> Task :app_links:bundleReleaseAar UP-TO-DATE
> Task :wifi_scan:generateReleaseLintVitalModel UP-TO-DATE
> Task :wakelock_plus:generateReleaseLintVitalModel UP-TO-DATE
> Task :sentry_flutter:lintVitalAnalyzeRelease FROM-CACHE
> Task :audio_streamer:bundleReleaseAar UP-TO-DATE
> Task :app_links:mapReleaseSourceSetPaths UP-TO-DATE
> Task :audio_streamer:mapReleaseSourceSetPaths UP-TO-DATE
> Task :sentry_flutter:generateReleaseLintVitalModel UP-TO-DATE
> Task :sensors_plus:lintVitalAnalyzeRelease FROM-CACHE
> Task :connectivity_plus:bundleReleaseAar UP-TO-DATE
> Task :shared_preferences_android:lintVitalAnalyzeRelease UP-TO-DATE
> Task :share_plus:generateReleaseLintVitalModel UP-TO-DATE
> Task :flutter_blue_plus_android:bundleReleaseAar UP-TO-DATE
> Task :flutter_blue_plus_android:mapReleaseSourceSetPaths UP-TO-DATE
> Task :path_provider_android:lintVitalAnalyzeRelease FROM-CACHE
> Task :connectivity_plus:mapReleaseSourceSetPaths UP-TO-DATE
> Task :audio_streamer:mergeReleaseResources UP-TO-DATE
> Task :flutter_blue_plus_android:mergeReleaseResources UP-TO-DATE
> Task :app_links:mergeReleaseResources UP-TO-DATE
> Task :sqflite_android:lintVitalAnalyzeRelease UP-TO-DATE
> Task :url_launcher_android:lintVitalAnalyzeRelease UP-TO-DATE
> Task :share_plus:lintVitalAnalyzeRelease FROM-CACHE
> Task :connectivity_plus:mergeReleaseResources UP-TO-DATE
> Task :wifi_scan:lintVitalAnalyzeRelease UP-TO-DATE
> Task :wakelock_plus:lintVitalAnalyzeRelease UP-TO-DATE
> Task :flutter_blue_plus_android:verifyReleaseResources UP-TO-DATE
> Task :flutter_blue_plus_android:assembleRelease UP-TO-DATE
> Task :connectivity_plus:verifyReleaseResources UP-TO-DATE
> Task :connectivity_plus:assembleRelease UP-TO-DATE
> Task :app_links:verifyReleaseResources UP-TO-DATE
> Task :app_links:assembleRelease UP-TO-DATE
> Task :package_info_plus:bundleReleaseAar UP-TO-DATE
> Task :h3_flutter:bundleReleaseAar UP-TO-DATE
> Task :network_info_plus:bundleReleaseAar UP-TO-DATE
> Task :package_info_plus:mapReleaseSourceSetPaths UP-TO-DATE
> Task :permission_handler_android:bundleReleaseAar UP-TO-DATE
> Task :network_info_plus:mapReleaseSourceSetPaths UP-TO-DATE
> Task :geolocator_android:bundleReleaseAar UP-TO-DATE
> Task :geolocator_android:mapReleaseSourceSetPaths UP-TO-DATE
> Task :h3_flutter:mapReleaseSourceSetPaths UP-TO-DATE
> Task :permission_handler_android:mapReleaseSourceSetPaths UP-TO-DATE
> Task :permission_handler_android:mergeReleaseResources UP-TO-DATE
> Task :network_info_plus:mergeReleaseResources UP-TO-DATE
> Task :h3_flutter:mergeReleaseResources UP-TO-DATE
> Task :package_info_plus:mergeReleaseResources UP-TO-DATE
> Task :permission_handler_android:verifyReleaseResources UP-TO-DATE
> Task :permission_handler_android:assembleRelease UP-TO-DATE
> Task :sensors_plus:bundleReleaseAar UP-TO-DATE
> Task :h3_flutter:verifyReleaseResources UP-TO-DATE
> Task :network_info_plus:verifyReleaseResources UP-TO-DATE
> Task :network_info_plus:assembleRelease UP-TO-DATE
> Task :h3_flutter:assembleRelease UP-TO-DATE
> Task :sentry_flutter:bundleReleaseAar UP-TO-DATE
> Task :share_plus:bundleReleaseAar UP-TO-DATE
> Task :package_info_plus:verifyReleaseResources UP-TO-DATE
> Task :package_info_plus:assembleRelease UP-TO-DATE
> Task :package_info_plus:compileReleaseLibraryResources UP-TO-DATE
> Task :audio_streamer:verifyReleaseResources UP-TO-DATE
> Task :audio_streamer:assembleRelease UP-TO-DATE
> Task :share_plus:mapReleaseSourceSetPaths UP-TO-DATE
> Task :sentry_flutter:mapReleaseSourceSetPaths UP-TO-DATE
> Task :shared_preferences_android:bundleReleaseAar UP-TO-DATE
> Task :sqflite_android:bundleReleaseAar UP-TO-DATE
> Task :shared_preferences_android:mapReleaseSourceSetPaths UP-TO-DATE
> Task :sqflite_android:mapReleaseSourceSetPaths UP-TO-DATE
> Task :sensors_plus:mapReleaseSourceSetPaths UP-TO-DATE
> Task :share_plus:mergeReleaseResources UP-TO-DATE
> Task :share_plus:verifyReleaseResources UP-TO-DATE
> Task :share_plus:assembleRelease UP-TO-DATE
> Task :sqflite_android:mergeReleaseResources UP-TO-DATE
> Task :url_launcher_android:bundleReleaseAar UP-TO-DATE
> Task :sentry_flutter:mergeReleaseResources UP-TO-DATE
> Task :url_launcher_android:mapReleaseSourceSetPaths UP-TO-DATE
> Task :geolocator_android:mergeReleaseResources UP-TO-DATE
> Task :sqflite_android:verifyReleaseResources UP-TO-DATE
> Task :sqflite_android:assembleRelease UP-TO-DATE
> Task :path_provider_android:generateReleaseLintVitalModel UP-TO-DATE
> Task :sentry_flutter:verifyReleaseResources UP-TO-DATE
> Task :sentry_flutter:assembleRelease UP-TO-DATE
> Task :wifi_scan:bundleReleaseAar UP-TO-DATE
> Task :wakelock_plus:bundleReleaseAar UP-TO-DATE
> Task :path_provider_android:bundleReleaseAar UP-TO-DATE
> Task :path_provider_android:mapReleaseSourceSetPaths UP-TO-DATE
> Task :shared_preferences_android:mergeReleaseResources UP-TO-DATE
> Task :wakelock_plus:mapReleaseSourceSetPaths UP-TO-DATE
> Task :geolocator_android:verifyReleaseResources UP-TO-DATE
> Task :geolocator_android:assembleRelease UP-TO-DATE
> Task :sensors_plus:mergeReleaseResources UP-TO-DATE
> Task :url_launcher_android:mergeReleaseResources UP-TO-DATE
> Task :wifi_scan:mapReleaseSourceSetPaths UP-TO-DATE
> Task :shared_preferences_android:verifyReleaseResources UP-TO-DATE
> Task :shared_preferences_android:assembleRelease UP-TO-DATE
> Task :sensors_plus:verifyReleaseResources UP-TO-DATE
> Task :sensors_plus:assembleRelease UP-TO-DATE
> Task :url_launcher_android:verifyReleaseResources UP-TO-DATE
> Task :url_launcher_android:assembleRelease UP-TO-DATE
> Task :path_provider_android:mergeReleaseResources UP-TO-DATE
> Task :wifi_scan:mergeReleaseResources UP-TO-DATE
> Task :wakelock_plus:mergeReleaseResources UP-TO-DATE
> Task :path_provider_android:verifyReleaseResources UP-TO-DATE
> Task :path_provider_android:assembleRelease UP-TO-DATE
> Task :wakelock_plus:verifyReleaseResources UP-TO-DATE
> Task :wifi_scan:verifyReleaseResources UP-TO-DATE
> Task :wakelock_plus:assembleRelease UP-TO-DATE
> Task :wifi_scan:assembleRelease UP-TO-DATE
> Task :app:compileFlutterBuildRelease
> Task :app:packJniLibsflutterBuildRelease
> Task :app:preBuild UP-TO-DATE
> Task :app:preReleaseBuild UP-TO-DATE
> Task :app:configureCMakeRelease[arm64-v8a]
> Task :app:buildCMakeRelease[arm64-v8a]
> Task :app:configureCMakeRelease[armeabi-v7a]
> Task :app:buildCMakeRelease[armeabi-v7a]
> Task :app:configureCMakeRelease[x86_64]
> Task :app:buildCMakeRelease[x86_64]
> Task :app:mergeReleaseJniLibFolders UP-TO-DATE
> Task :app:buildKotlinToolingMetadata UP-TO-DATE
> Task :app:checkReleaseDuplicateClasses UP-TO-DATE
> Task :app:checkKotlinGradlePluginConfigurationErrors SKIPPED
> Task :app:checkReleaseAarMetadata UP-TO-DATE
> Task :app:cleanMergeReleaseAssets
> Task :app:mergeReleaseShaders UP-TO-DATE
> Task :app:compileReleaseShaders NO-SOURCE
> Task :app:generateReleaseAssets UP-TO-DATE
> Task :app:mergeReleaseAssets
> Task :app:copyFlutterAssetsRelease
> Task :app:generateReleaseResValues UP-TO-DATE
> Task :app:mapReleaseSourceSetPaths UP-TO-DATE
> Task :app:generateReleaseResources UP-TO-DATE
> Task :app:mergeReleaseResources UP-TO-DATE
> Task :app:packageReleaseResources UP-TO-DATE
> Task :app:parseReleaseLocalResources UP-TO-DATE
> Task :app:createReleaseCompatibleScreenManifests UP-TO-DATE
> Task :app:extractDeepLinksRelease UP-TO-DATE
> Task :app:processReleaseMainManifest UP-TO-DATE
> Task :app:outputReleaseAppLinkSettings UP-TO-DATE
> Task :app:processReleaseManifest UP-TO-DATE
> Task :app:processReleaseManifestForPackage UP-TO-DATE
> Task :app:processReleaseResources UP-TO-DATE
> Task :app:compileReleaseKotlin UP-TO-DATE
> Task :app:javaPreCompileRelease UP-TO-DATE
> Task :app:compileReleaseJavaWithJavac UP-TO-DATE
> Task :app:mergeReleaseArtProfile UP-TO-DATE
> Task :app:extractProguardFiles UP-TO-DATE
> Task :app:mergeReleaseGeneratedProguardFiles UP-TO-DATE
> Task :app:processReleaseJavaRes UP-TO-DATE
> Task :app:mergeReleaseStartupProfile UP-TO-DATE
> Task :app:extractReleaseVersionControlInfo UP-TO-DATE
> Task :app:compressReleaseAssets
> Task :app:generateReleaseLintVitalReportModel
> Task :app:expandReleaseArtProfileWildcards
> Task :app:mergeReleaseJavaResource
> Task :app:mergeReleaseNativeLibs
> Task :app:collectReleaseDependencies
> Task :app:stripReleaseDebugSymbols
> Task :app:sdkReleaseDependencyData
> Task :app:validateSigningRelease UP-TO-DATE
> Task :app:writeReleaseAppMetadata UP-TO-DATE
> Task :app:writeReleaseSigningConfigVersions UP-TO-DATE
> Task :app:lintVitalAnalyzeRelease
> Task :app:lintVitalReportRelease UP-TO-DATE
> Task :app:lintVitalRelease

> Task :app:minifyReleaseWithR8
Supplied proguard configuration does not exist: /Users/erming/AI/pooling/disensor/android/app/proguard-rules.pro

> Task :app:extractReleaseNativeSymbolTables
> Task :app:mergeReleaseNativeDebugMetadata UP-TO-DATE
> Task :app:compileReleaseArtProfile UP-TO-DATE
> Task :app:convertShrunkResourcesToBinaryRelease UP-TO-DATE
> Task :app:optimizeReleaseResources UP-TO-DATE
> Task :app:packageRelease
> Task :app:createReleaseApkListingFileRedirect UP-TO-DATE
> Task :app:assembleRelease

[Incubating] Problems report is available at: file:///Users/erming/AI/pooling/disensor/android/build/reports/problems/problems-report.html

Deprecated Gradle features were used in this build, making it incompatible with Gradle 9.0.

You can use '--warning-mode all' to show the individual deprecation warnings and determine if they come from your own scripts or plugins.

For more on this, please refer to https://docs.gradle.org/8.14/userguide/command_line_interface.html#sec:command_line_warnings in the Gradle documentation.

BUILD SUCCESSFUL in 1m 14s
753 actionable tasks: 34 executed, 13 from cache, 706 up-to-date
